// Jest Snapshot v1, https://goo.gl/fbAQLP

exports[`sanity should contain the right methods 1`] = `
Array [
  "myFunc",
  "default",
  "MY_CONST",
  "myArrowFunc",
  "MyClass",
]
`;
